Script started on 2022-06-27 18:18:14-03:00 [TERM="xterm-256color" TTY="/dev/pts/0" COLUMNS="137" LINES="7"]
]0;chameleon@chameleon: ~/Desktop/estudosPython[01;32mchameleon@chameleon[00m:[01;34m~/Desktop/estudosPython[00m$ sudo rm -r msfinstall flatpak install flathub com.github.tchx84.Flatseal[C[C[C[C[C[C[C[C[C[C[C[C[C[C[C[C[C[C[C[C[C[C[C[C[C[C[C[C[C[C[C[C[C[C[C[C[C[C[C[C[C[C[C[C[C[29Psudo gedit /etc/fstabapt install gedit[1Pgedit /etc/fstabchmod 777 -R /mnt/AA97-299A/SteamLibrary/[21P+rw AA97-299A/cd ..[Ksudo chmod +rw AA97-299A/777 -R /mnt/AA97-299A/SteamLibrary/[25Pgedit /etc/fstabapt install gedit[1Pgedit /etc/fstabflatpak install flathub com.github.tchx84.Flatseal[C[C[C[C[C[C[C[C[C[C[C[C[C[C[C[C[C[C[C[C[C[C[C[C[C[C[C[C[C[C[C[C[C[C[C[C[C[C[C[C[C[C[C[C[C[28Psudo rm -r msfinstall [Ksudo rm -r msfinstall flatpak install flathub com.github.tchx84.Flatseal[C[C[C[C[C[C[C[C[C[C[C[C[C[C[C[C[C[C[C[C[C[C[C[C[C[C[C[C[C[C[C[C[C[C[C[C[C[C[C[C[C[C[C[C[C[29Psudo gedit /etc/fstabapt install gedit[1Pgedit /etc/fstabchmod 777 -R /mnt/AA97-299A/SteamLibrary/[21P+rw AA97-299A/cd ..[Ksudo chmod +rw[7Psudo reboot #/usr/bin/msfconsoleetc/init.d/postgresqlsudo cp /usr/share/metasploit-framework/config/database.yml /root/.msf4/[C[C[C[C[C[C[C[C[C[C[C[C[C[C[C[C[C[C[C[C[C[C[C[C[C[C[C[C[C[C[C[C[C[C[C[C[C[C[C[C[C[C[C[C[C#/etc/init.d/postgresql[K[3Pusr/bin/msfconsole[8Psudo reboot cd ..sudo chmod +rw[Ksudo chmod +rw AA97-299A/777 -R /mnt/AA97-299A/SteamLibrary/[25Pgedit /etc/fstabapt install gedit[1Pgedit /etc/fstabflatpak install flathub com.github.tchx84.Flatseal[C[C[C[C[C[C[C[C[C[C[C[C[C[C[C[C[C[C[C[C[C[C[C[C[C[C[C[C[C[C[C[C[C[C[C[C[C[C[C[C[C[C[C[C[C[28Psudo rm -r msfinstall [Ksudo snap-hmm [K[K[K[K[K[Kp install pycharm-communit[Ky --classic
[sudo] password for chameleon: *********         
sudo: snap: command not found
]0;chameleon@chameleon: ~/Desktop/estudosPython[01;32mchameleon@chameleon[00m:[01;34m~/Desktop/estudosPython[00m$ ap[K[Ksudo at[Kpt install snap
Reading package lists... 0%Reading package lists... 0%Reading package lists... 0%Reading package lists... 0%Reading package lists... 0%Reading package lists... 0%Reading package lists... 0%Reading package lists... 0%Reading package lists... 0%Reading package lists... 0%Reading package lists... 0%Reading package lists... 0%Reading package lists... 0%Reading package lists... 0%Reading package lists... 0%Reading package lists... 0%Reading package lists... 0%Reading package lists... 0%Reading package lists... 0%Reading package lists... 0%Reading package lists... 0%Reading package lists... 0%Reading package lists... 0%Reading package lists... 0%Reading package lists... 0%Reading package lists... 0%Reading package lists... 0%Reading package lists... 3%Reading package lists... 3%Reading package lists... 5%Reading package lists... 5%Reading package lists... 6%Reading package lists... 6%Reading package lists... 7%Reading package lists... 7%Reading package lists... 7%Reading package lists... 7%Reading package lists... 7%Reading package lists... 7%Reading package lists... 32%Reading package lists... 32%Reading package lists... 45%Reading package lists... 45%Reading package lists... 58%Reading package lists... 58%Reading package lists... 58%Reading package lists... 58%Reading package lists... 58%Reading package lists... 58%Reading package lists... 59%Reading package lists... 59%Reading package lists... 64%Reading package lists... 64%Reading package lists... 65%Reading package lists... 65%Reading package lists... 69%Reading package lists... 69%Reading package lists... 72%Reading package lists... 72%Reading package lists... 72%Reading package lists... 72%Reading package lists... 74%Reading package lists... 74%Reading package lists... 76%Reading package lists... 76%Reading package lists... 78%Reading package lists... 78%Reading package lists... 79%Reading package lists... 79%Reading package lists... 79%Reading package lists... 79%Reading package lists... 79%Reading package lists... 79%Reading package lists... 79%Reading package lists... 79%Reading package lists... 79%Reading package lists... 79%Reading package lists... 79%Reading package lists... 79%Reading package lists... 79%Reading package lists... 79%Reading package lists... 79%Reading package lists... 79%Reading package lists... 80%Reading package lists... 80%Reading package lists... 80%Reading package lists... 80%Reading package lists... 84%Reading package lists... 84%Reading package lists... 85%Reading package lists... 85%Reading package lists... 88%Reading package lists... 88%Reading package lists... 88%Reading package lists... 91%Reading package lists... 91%Reading package lists... 91%Reading package lists... 91%Reading package lists... 92%Reading package lists... 92%Reading package lists... 94%Reading package lists... 94%Reading package lists... 96%Reading package lists... 96%Reading package lists... 97%Reading package lists... 97%Reading package lists... 97%Reading package lists... 97%Reading package lists... 97%Reading package lists... 97%Reading package lists... 97%Reading package lists... 97%Reading package lists... 97%Reading package lists... 97%Reading package lists... 97%Reading package lists... 97%Reading package lists... 97%Reading package lists... 97%Reading package lists... 97%Reading package lists... 97%Reading package lists... 98%Reading package lists... 98%Reading package lists... Done
Building dependency tree... 0%Building dependency tree... 0%Building dependency tree... 50%Building dependency tree... 50%Building dependency tree       
Reading state information... 0%Reading state information... 0%Reading state information... Done
snap is already the newest version (2013-11-29-9).
0 upgraded, 0 newly installed, 0 to remove and 3 not upgraded.
]0;chameleon@chameleon: ~/Desktop/estudosPython[01;32mchameleon@chameleon[00m:[01;34m~/Desktop/estudosPython[00m$ sudo apt install snapsnap install pycharm-communiy --classic
sudo: snap: command not found
]0;chameleon@chameleon: ~/Desktop/estudosPython[01;32mchameleon@chameleon[00m:[01;34m~/Desktop/estudosPython[00m$ virty[Kualenv teste
created virtual environment CPython3.8.10.final.0-64 in 160ms
  creator CPython3Posix(dest=/home/chameleon/Desktop/estudosPython/teste, clear=False, global=False)
  seeder FromAppData(download=False, pip=latest, setuptools=latest, wheel=latest, pkg_resources=latest, via=copy, app_data_dir=/home/chameleon/.local/share/virtualenv/seed-app-data/v1.0.1.debian.1)
  activators BashActivator,CShellActivator,FishActivator,PowerShellActivator,PythonActivator,XonshActivator
]0;chameleon@chameleon: ~/Desktop/estudosPython[01;32mchameleon@chameleon[00m:[01;34m~/Desktop/estudosPython[00m$ virtualenv teste[1@s[1@u[1@d[1@o[1@ 
created virtual environment CPython3.8.10.final.0-64 in 145ms
  creator CPython3Posix(dest=/home/chameleon/Desktop/estudosPython/teste, clear=False, global=False)
  seeder FromAppData(download=False, pip=latest, setuptools=latest, wheel=latest, pkg_resources=latest, via=copy, app_data_dir=/root/.local/share/virtualenv/seed-app-data/v1.0.1.debian.1)
  activators BashActivator,CShellActivator,FishActivator,PowerShellActivator,PythonActivator,XonshActivator
]0;chameleon@chameleon: ~/Desktop/estudosPython[01;32mchameleon@chameleon[00m:[01;34m~/Desktop/estudosPython[00m$ sudo virtualenv teste[Kclear
[H[2J[3J]0;chameleon@chameleon: ~/Desktop/estudosPython[01;32mchameleon@chameleon[00m:[01;34m~/Desktop/estudosPython[00m$ touch aulas[K[K[K[K[KFirstle[K[KLessons.py
]0;chameleon@chameleon: ~/Desktop/estudosPython[01;32mchameleon@chameleon[00m:[01;34m~/Desktop/estudosPython[00m$ git init
Initialized empty Git repository in /home/chameleon/Desktop/estudosPython/.git/
]0;chameleon@chameleon: ~/Desktop/estudosPython[01;32mchameleon@chameleon[00m:[01;34m~/Desktop/estudosPython[00m$ git add r[K[K[K[K[Kremote add origin https://github.com/charlesdev771/python_specialization.git
]0;chameleon@chameleon: ~/Desktop/estudosPython[01;32mchameleon@chameleon[00m:[01;34m~/Desktop/estudosPython[00m$ git commit [K[K[K[K[K[K[K[K[K[K[Kgit add .
]0;chameleon@chameleon: ~/Desktop/estudosPython[01;32mchameleon@chameleon[00m:[01;34m~/Desktop/estudosPython[00m$ git commit -m "First archives"

*** Please tell me who you are.

Run

  git config --global user.email "you@example.com"
  git config --global user.name "Your Name"

to set your account's default identity.
Omit --global to set the identity only in this repository.

fatal: unable to auto-detect email address (got 'chameleon@chameleon.(none)')
]0;chameleon@chameleon: ~/Desktop/estudosPython[01;32mchameleon@chameleon[00m:[01;34m~/Desktop/estudosPython[00m$ git push origin master
error: src refspec master does not match any
[31merror: failed to push some refs to 'https://github.com/charlesdev771/python_specialization.git'
[m]0;chameleon@chameleon: ~/Desktop/estudosPython[01;32mchameleon@chameleon[00m:[01;34m~/Desktop/estudosPython[00m$ git pull origin master
fatal: couldn't find remote ref master
]0;chameleon@chameleon: ~/Desktop/estudosPython[01;32mchameleon@chameleon[00m:[01;34m~/Desktop/estudosPython[00m$ git checkout 
fatal: You are on a branch yet to be born
]0;chameleon@chameleon: ~/Desktop/estudosPython[01;32mchameleon@chameleon[00m:[01;34m~/Desktop/estudosPython[00m$ git a[Kco[K[Kremote add origin error: failed to push some refs to 'https://github.com/charlesdev771/python_specialization.git[K[K[K[K[K[K[K[K[K[K[K[K[K[K[K[K[K[K[K[K[K[K[K[K[A[C[C[C[C[C[C[C[C[C[C[C[C[C[C[C[C[C[C[C[C[C[C[C[C[C[C[C[C[C[C[C[C[C[C[C[C[C[C[C[C[C[C[C[C[C[C[C[C[C[C[C[C[C[C[C[C[C[C[C[C[C[C[C[C[C[C[C[C[C[C[C[C[C[C[C[C[C[C[C[C[C[C[C[C[C[C[C[C[C[C[C[C[C[C[C[C[C[C[C[C[C[C[C[C[C[C[C[C[C[C[C[C[C[C[C[C[C[C[C[C[C[C[C[C[C[C[C[C[C[C[C[C[C[C[C[C[K
[K[A[C[C[C[C[C[C[C[C[C[C[C[C[C[C[C[C[C[C[C[C[C[C[C[C[C[C[C[C[C[C[C[C[C[C[C[C[C[C[C[C[C[C[C[C[C[C[C[C[C[C[C[C[C[C[C[C[C[C[C[C[C[C[C[C[C[C[C[C[C[C[C[C[C[C[C[C[C[C[C[C[C[C[C[C[C[C[C[C[C[C[C[C[C[C[C[C[C[C[C[C[C[C[C[C[C[C[C[C[C[C[C[C[C[C[C[C[C[C[C[C[C[C[C[C[C[C[C[C[C[C[C[C[C[C[C[C[K[K[K[K[K[K[K[K[K[K[K[K[K[K[K[K[K[K[K[K[K[K[K[K[K[K[K[K[K[K[K[K[K[K[K[K[K[K[K[K[K[K[K[K[K[K[K[K[K[K[K[K[K[K[K[K[K[K[K[K[K[K[K[K[K[K[K[K[K[K https://github.com/charlesdev771/python_specialization.git
fatal: remote origin already exists.
]0;chameleon@chameleon: ~/Desktop/estudosPython[01;32mchameleon@chameleon[00m:[01;34m~/Desktop/estudosPython[00m$ git push -u origin main
error: src refspec main does not match any
[31merror: failed to push some refs to 'https://github.com/charlesdev771/python_specialization.git'
[m]0;chameleon@chameleon: ~/Desktop/estudosPython[01;32mchameleon@chameleon[00m:[01;34m~/Desktop/estudosPython[00m$ git push -u origin main
error: src refspec main does not match any
[31merror: failed to push some refs to 'https://github.com/charlesdev771/python_specialization.git'
[m]0;chameleon@chameleon: ~/Desktop/estudosPython[01;32mchameleon@chameleon[00m:[01;34m~/Desktop/estudosPython[00m$ git branch -M main
error: refname refs/heads/master not found
fatal: Branch rename failed
]0;chameleon@chameleon: ~/Desktop/estudosPython[01;32mchameleon@chameleon[00m:[01;34m~/Desktop/estudosPython[00m$ git init
Reinitialized existing Git repository in /home/chameleon/Desktop/estudosPython/.git/
]0;chameleon@chameleon: ~/Desktop/estudosPython[01;32mchameleon@chameleon[00m:[01;34m~/Desktop/estudosPython[00m$ git commit -m "first commit"

*** Please tell me who you are.

Run

  git config --global user.email "you@example.com"
  git config --global user.name "Your Name"

to set your account's default identity.
Omit --global to set the identity only in this repository.

fatal: unable to auto-detect email address (got 'chameleon@chameleon.(none)')
]0;chameleon@chameleon: ~/Desktop/estudosPython[01;32mchameleon@chameleon[00m:[01;34m~/Desktop/estudosPython[00m$ git config --global user.email "you@example.com"[1P"[1P"[1P"[1P"[1P"[1P"[1P"[1P"[1P"[1P"[1P"[1P"[1P"[1P"[1P"c"h"a"r"l"e"s"d"e"v"0"7"2"1"@"p"r"o"t"o"n"m"a"i"l"."c"o"m"
]0;chameleon@chameleon: ~/Desktop/estudosPython[01;32mchameleon@chameleon[00m:[01;34m~/Desktop/estudosPython[00m$ git config --global user.name "Your Name"[1P"[1P"[1P"[1P"[1P"[1P"[1P"[1P"[1P"c"h"a"r"l"e"s"d"e"v"7"7"1"
]0;chameleon@chameleon: ~/Desktop/estudosPython[01;32mchameleon@chameleon[00m:[01;34m~/Desktop/estudosPython[00m$ git branch -M main
error: refname refs/heads/master not found
fatal: Branch rename failed
]0;chameleon@chameleon: ~/Desktop/estudosPython[01;32mchameleon@chameleon[00m:[01;34m~/Desktop/estudosPython[00m$ git remote add origin https://github.com/charlesdev771/python_specialization.git
fatal: remote origin already exists.
]0;chameleon@chameleon: ~/Desktop/estudosPython[01;32mchameleon@chameleon[00m:[01;34m~/Desktop/estudosPython[00m$ git push -u origin main
error: src refspec main does not match any
[31merror: failed to push some refs to 'https://github.com/charlesdev771/python_specialization.git'
[m]0;chameleon@chameleon: ~/Desktop/estudosPython[01;32mchameleon@chameleon[00m:[01;34m~/Desktop/estudosPython[00m$ git remote update
Fetching origin
]0;chameleon@chameleon: ~/Desktop/estudosPython[01;32mchameleon@chameleon[00m:[01;34m~/Desktop/estudosPython[00m$ git reset upstream/master
fatal: ambiguous argument 'upstream/master': unknown revision or path not in the working tree.
Use '--' to separate paths from revisions, like this:
'git <command> [<revision>...] -- [<file>...]'
]0;chameleon@chameleon: ~/Desktop/estudosPython[01;32mchameleon@chameleon[00m:[01;34m~/Desktop/estudosPython[00m$ git pull -r upstream master
fatal: Updating an unborn branch with changes added to the index.
]0;chameleon@chameleon: ~/Desktop/estudosPython[01;32mchameleon@chameleon[00m:[01;34m~/Desktop/estudosPython[00m$ git pull -r upstream master[2Preset upstream/master[8Pmote updatepush -u origin main
error: src refspec main does not match any
[31merror: failed to push some refs to 'https://github.com/charlesdev771/python_specialization.git'
[m]0;chameleon@chameleon: ~/Desktop/estudosPython[01;32mchameleon@chameleon[00m:[01;34m~/Desktop/estudosPython[00m$ git remote -v
origin	https://github.com/charlesdev771/python_specialization.git (fetch)
origin	https://github.com/charlesdev771/python_specialization.git (push)
]0;chameleon@chameleon: ~/Desktop/estudosPython[01;32mchameleon@chameleon[00m:[01;34m~/Desktop/estudosPython[00m$  git status
On branch master

No commits yet

Changes to be committed:
  (use "git rm --cached <file>..." to unstage)
	[32mnew file:   FirstLessons.py[m
	[32mnew file:   README.md[m
	[32mnew file:   aa[m

Changes not staged for commit:
  (use "git add <file>..." to update what will be committed)
  (use "git restore <file>..." to discard changes in working directory)
	[31mmodified:   aa[m

]0;chameleon@chameleon: ~/Desktop/estudosPython[01;32mchameleon@chameleon[00m:[01;34m~/Desktop/estudosPython[00m$  git push origin maste
error: src refspec maste does not match any
[31merror: failed to push some refs to 'https://github.com/charlesdev771/python_specialization.git'
[m]0;chameleon@chameleon: ~/Desktop/estudosPython[01;32mchameleon@chameleon[00m:[01;34m~/Desktop/estudosPython[00m$ $ git commit -m "First commit"[C[1P
[master (root-commit) e5aecb9] First commit
 3 files changed, 21 insertions(+)
 create mode 100644 FirstLessons.py
 create mode 100644 README.md
 create mode 100644 aa
]0;chameleon@chameleon: ~/Desktop/estudosPython[01;32mchameleon@chameleon[00m:[01;34m~/Desktop/estudosPython[00m$ $ git push origin master[C[1P
Username for 'https://github.com': charlesdev771
Password for 'https://charlesdev771@github.com': 
Enumerating objects: 5, done.
Counting objects:  20% (1/5)Counting objects:  40% (2/5)Counting objects:  60% (3/5)Counting objects:  80% (4/5)Counting objects: 100% (5/5)Counting objects: 100% (5/5), done.
Delta compression using up to 4 threads
Compressing objects:  33% (1/3)Compressing objects:  66% (2/3)Compressing objects: 100% (3/3)Compressing objects: 100% (3/3), done.
Writing objects:  20% (1/5)Writing objects:  40% (2/5)Writing objects:  60% (3/5)Writing objects:  80% (4/5)Writing objects: 100% (5/5)Writing objects: 100% (5/5), 1.48 KiB | 756.00 KiB/s, done.
Total 5 (delta 0), reused 0 (delta 0)
To https://github.com/charlesdev771/python_specialization.git
 * [new branch]      master -> master
]0;chameleon@chameleon: ~/Desktop/estudosPython[01;32mchameleon@chameleon[00m:[01;34m~/Desktop/estudosPython[00m$ [K]0;chameleon@chameleon: ~/Desktop/estudosPython[01;32mchameleon@chameleon[00m:[01;34m~/Desktop/estudosPython[00m$ [K]0;chameleon@chameleon: ~/Desktop/estudosPython[01;32mchameleon@chameleon[00m:[01;34m~/Desktop/estudosPython[00m$ sudo pip install op[K[Kpymysql
[sudo] password for chameleon: *********         
Collecting pymysql
  Downloading PyMySQL-1.0.2-py3-none-any.whl (43 kB)
[?25l[K     |███████▌                        | 10 kB 31.0 MB/s eta 0:00:01[K     |███████████████                 | 20 kB 15.5 MB/s eta 0:00:01[K     |██████████████████████▍         | 30 kB 10.2 MB/s eta 0:00:01[K     |██████████████████████████████  | 40 kB 4.8 MB/s eta 0:00:01[K     |████████████████████████████████| 43 kB 1.7 MB/s 
[?25hInstalling collected packages: pymysql
Successfully installed pymysql-1.0.2
]0;chameleon@chameleon: ~/Desktop/estudosPython[01;32mchameleon@chameleon[00m:[01;34m~/Desktop/estudosPython[00m$ sudo pip install pymysql[K[K[K[K[K[K[K[K[K[K[K[K[K[K[K[K[K[K[Kapt install python3-venv
Reading package lists... 0%Reading package lists... 100%Reading package lists... Done
Building dependency tree... 0%Building dependency tree... 0%Building dependency tree... 50%Building dependency tree... 50%Building dependency tree       
Reading state information... 0%Reading state information... 0%Reading state information... Done
python3-venv is already the newest version (3.8.2-0ubuntu2).
0 upgraded, 0 newly installed, 0 to remove and 3 not upgraded.
]0;chameleon@chameleon: ~/Desktop/estudosPython[01;32mchameleon@chameleon[00m:[01;34m~/Desktop/estudosPython[00m$ python3 -m venv env
]0;chameleon@chameleon: ~/Desktop/estudosPython[01;32mchameleon@chameleon[00m:[01;34m~/Desktop/estudosPython[00m$ python3 -m venv env[K[K[K[K[K[K[K[K[K[K[KFirstLessons.py 
Jooj
Jooj aa
]0;chameleon@chameleon: ~/Desktop/estudosPython[01;32mchameleon@chameleon[00m:[01;34m~/Desktop/estudosPython[00m$ clear
[H[2J[3J]0;chameleon@chameleon: ~/Desktop/estudosPython[01;32mchameleon@chameleon[00m:[01;34m~/Desktop/estudosPython[00m$ clear
[H[2J[3J]0;chameleon@chameleon: ~/Desktop/estudosPython[01;32mchameleon@chameleon[00m:[01;34m~/Desktop/estudosPython[00m$ clearpython3 FirstLessons.py [5P-m venv envFirstLessons.py 
Jooj
Jooj-aa
]0;chameleon@chameleon: ~/Desktop/estudosPython[01;32mchameleon@chameleon[00m:[01;34m~/Desktop/estudosPython[00m$ python3 FirstLessons.py 
Jooj
Jooj-aa#]0;chameleon@chameleon: ~/Desktop/estudosPython[01;32mchameleon@chameleon[00m:[01;34m~/Desktop/estudosPython[00m$ python3 FirstLessons.py 
Jooj
<class 'str'>-aa#]0;chameleon@chameleon: ~/Desktop/estudosPython[01;32mchameleon@chameleon[00m:[01;34m~/Desktop/estudosPython[00m$ [K]0;chameleon@chameleon: ~/Desktop/estudosPython[01;32mchameleon@chameleon[00m:[01;34m~/Desktop/estudosPython[00m$ [K]0;chameleon@chameleon: ~/Desktop/estudosPython[01;32mchameleon@chameleon[00m:[01;34m~/Desktop/estudosPython[00m$ [K]0;chameleon@chameleon: ~/Desktop/estudosPython[01;32mchameleon@chameleon[00m:[01;34m~/Desktop/estudosPython[00m$ [K]0;chameleon@chameleon: ~/Desktop/estudosPython[01;32mchameleon@chameleon[00m:[01;34m~/Desktop/estudosPython[00m$ [K]0;chameleon@chameleon: ~/Desktop/estudosPython[01;32mchameleon@chameleon[00m:[01;34m~/Desktop/estudosPython[00m$ [K]0;chameleon@chameleon: ~/Desktop/estudosPython[01;32mchameleon@chameleon[00m:[01;34m~/Desktop/estudosPython[00m$ [K]0;chameleon@chameleon: ~/Desktop/estudosPython[01;32mchameleon@chameleon[00m:[01;34m~/Desktop/estudosPython[00m$ [K]0;chameleon@chameleon: ~/Desktop/estudosPython[01;32mchameleon@chameleon[00m:[01;34m~/Desktop/estudosPython[00m$ [K]0;chameleon@chameleon: ~/Desktop/estudosPython[01;32mchameleon@chameleon[00m:[01;34m~/Desktop/estudosPython[00m$ [K]0;chameleon@chameleon: ~/Desktop/estudosPython[01;32mchameleon@chameleon[00m:[01;34m~/Desktop/estudosPython[00m$ [K]0;chameleon@chameleon: ~/Desktop/estudosPython[01;32mchameleon@chameleon[00m:[01;34m~/Desktop/estudosPython[00m$ [K]0;chameleon@chameleon: ~/Desktop/estudosPython[01;32mchameleon@chameleon[00m:[01;34m~/Desktop/estudosPython[00m$ [K]0;chameleon@chameleon: ~/Desktop/estudosPython[01;32mchameleon@chameleon[00m:[01;34m~/Desktop/estudosPython[00m$ [K]0;chameleon@chameleon: ~/Desktop/estudosPython[01;32mchameleon@chameleon[00m:[01;34m~/Desktop/estudosPython[00m$ python3 FirstLessons.py 
Jooj
<class 'str'>-aa#False
]0;chameleon@chameleon: ~/Desktop/estudosPython[01;32mchameleon@chameleon[00m:[01;34m~/Desktop/estudosPython[00m$ python3 FirstLessons.py 
Jooj
<class 'str'>-aa#
False
]0;chameleon@chameleon: ~/Desktop/estudosPython[01;32mchameleon@chameleon[00m:[01;34m~/Desktop/estudosPython[00m$ python3 FirstLessons.py 
Jooj
<class 'str'>-aa#
False
]0;chameleon@chameleon: ~/Desktop/estudosPython[01;32mchameleon@chameleon[00m:[01;34m~/Desktop/estudosPython[00m$ python3 FirstLessons.py 
Jooj
<class 'str'>-aa#
0.00
]0;chameleon@chameleon: ~/Desktop/estudosPython[01;32mchameleon@chameleon[00m:[01;34m~/Desktop/estudosPython[00m$ python3 FirstLessons.py 
Jooj
<class 'str'>-aa#
0.00000
]0;chameleon@chameleon: ~/Desktop/estudosPython[01;32mchameleon@chameleon[00m:[01;34m~/Desktop/estudosPython[00m$ clear
[H[2